📱 Simülatör hazırlanıyor: iPhone 16 Pro
Unable to find application named 'Simulator'
make: *** [boot-sim] Error 1
